#
# There is insufficient memory for the Java Runtime Environment to continue.
# Native memory allocation (malloc) failed to allocate 31979608 bytes. Error detail: Chunk::new
# Possible reasons:
#   The system is out of physical RAM or swap space
#   This process is running with CompressedOops enabled, and the Java Heap may be blocking the growth of the native heap
# Possible solutions:
#   Reduce memory load on the system
#   Increase physical memory or swap space
#   Check if swap backing store is full
#   Decrease Java heap size (-Xmx/-Xms)
#   Decrease number of Java threads
#   Decrease Java thread stack sizes (-Xss)
#   Set larger code cache with -XX:ReservedCodeCacheSize=
#   JVM is running with Zero Based Compressed Oops mode in which the Java heap is
#     placed in the first 32GB address space. The Java Heap base address is the
#     maximum limit for the native heap growth. Please use -XX:HeapBaseMinAddress
#     to set the Java Heap base and to place the Java Heap above 32GB virtual address.
# This output file may be truncated or incomplete.
#
#  Out of Memory Error (arena.cpp:193), pid=22820, tid=2980
#
# JRE version: Java(TM) SE Runtime Environment (26.0+35) (build 26+35-2893)
# Java VM: Java HotSpot(TM) 64-Bit Server VM (26+35-2893, mixed mode, sharing, tiered, compressed oops, compressed class ptrs, g1 gc, windows-amd64)
# No core dump will be written. Minidumps are not enabled by default on client versions of Windows
#

---------------  S U M M A R Y ------------

Command Line: --add-opens=java.base/java.lang=ALL-UNNAMED --add-opens=java.base/java.lang.invoke=ALL-UNNAMED --add-opens=java.base/java.util=ALL-UNNAMED --add-opens=java.prefs/java.util.prefs=ALL-UNNAMED --add-exports=jdk.compiler/com.sun.tools.javac.api=ALL-UNNAMED --add-exports=jdk.compiler/com.sun.tools.javac.util=ALL-UNNAMED --add-opens=java.base/java.util=ALL-UNNAMED --add-opens=java.prefs/java.util.prefs=ALL-UNNAMED --add-opens=java.base/java.nio.charset=ALL-UNNAMED --add-opens=java.base/java.net=ALL-UNNAMED --add-opens=java.base/java.util.concurrent.atomic=ALL-UNNAMED --add-opens=java.xml/javax.xml.namespace=ALL-UNNAMED --enable-native-access=ALL-UNNAMED -XX:MaxMetaspaceSize=1024m -Xmx4096m -Dfile.encoding=UTF-8 -Duser.country=IN -Duser.language=en -Duser.variant -javaagent:C:\Users\aadha\.gradle\wrapper\dists\gradle-8.14.3-bin\cv11ve7ro1n3o1j4so8xd9n66\gradle-8.14.3\lib\agents\gradle-instrumentation-agent-8.14.3.jar org.gradle.launcher.daemon.bootstrap.GradleDaemon 8.14.3

Host: 12th Gen Intel(R) Core(TM) i5-12450H, 12 cores, 15G,  Windows 11 , 64 bit Build 26100 (10.0.26100.8875)
Time: Fri Jul 24 08:27:48 2026 India Standard Time elapsed time: 6.152542 seconds (0d 0h 0m 6s)

---------------  T H R E A D  ---------------

Current thread (0x0000016b29b3d170):  JavaThread "C2 CompilerThread1" daemon [_thread_in_native, id=2980, stack(0x0000004fa5800000,0x0000004fa5900000) (1024K)]


Current CompileTask:
C2:6152 3022       4       java.lang.invoke.MethodType::makeImpl (109 bytes)

Stack: [0x0000004fa5800000,0x0000004fa5900000]
Native frames: (J=compiled Java code, j=interpreted, Vv=VM code, C=native code)
V  [jvm.dll+0x7d5719]  (no source info available)
V  [jvm.dll+0x7a367d]  (no source info available)
V  [jvm.dll+0x9b0aa0]  (no source info available)
V  [jvm.dll+0x9b2ef1]  (no source info available)
V  [jvm.dll+0x9b3603]  (no source info available)
V  [jvm.dll+0x30de86]  (no source info available)
V  [jvm.dll+0x11d7c6]  (no source info available)
V  [jvm.dll+0x11daee]  (no source info available)
V  [jvm.dll+0x1afb06]  (no source info available)
V  [jvm.dll+0x3ca732]  (no source info available)
V  [jvm.dll+0x7de302]  (no source info available)
V  [jvm.dll+0x2d1557]  (no source info available)
V  [jvm.dll+0x2d04cf]  (no source info available)
V  [jvm.dll+0x246740]  (no source info available)
V  [jvm.dll+0x2e05ec]  (no source info available)
V  [jvm.dll+0x2de7cd]  (no source info available)
V  [jvm.dll+0x4a3f01]  (no source info available)
V  [jvm.dll+0x94f4e9]  (no source info available)
V  [jvm.dll+0x7d71f8]  (no source info available)
C  [ucrtbase.dll+0x2cd30]  (no source info available)
C  [KERNEL32.DLL+0x2e957]  (no source info available)
C  [ntdll.dll+0xaad6c]  (no source info available)

Lock stack of current Java thread (top to bottom):


---------------  P R O C E S S  ---------------

Threads class SMR info:
_java_thread_list=0x0000016b29ba91a0, length=28, elements={
0x0000016b09112bb0, 0x0000016b29815b40, 0x0000016b29816590, 0x0000016b29819800,
0x0000016b2981b4f0, 0x0000016b2981c1d0, 0x0000016b2981cfe0, 0x0000016b2983a7a0,
0x0000016b2983efb0, 0x0000016b29a0ad90, 0x0000016b29ad1460, 0x0000016b2f7ab1f0,
0x0000016b2fa946e0, 0x0000016b2fe22600, 0x0000016b2fa749a0, 0x0000016b2fa0f490,
0x0000016b2fa63a30, 0x0000016b2fa66140, 0x0000016b2fa63260, 0x0000016b2fa68080,
0x0000016b2fa670e0, 0x0000016b2fa68850, 0x0000016b2fb50180, 0x0000016b2fb50950,
0x0000016b29b3d170, 0x0000016b2fb54000, 0x0000016b2fb51120, 0x0000016b3098e320
}

Java Threads: ( => current thread )
  0x0000016b09112bb0 JavaThread "main"                              [_thread_blocked, id=22992, stack(0x0000004fa4700000,0x0000004fa4800000) (1024K)]
  0x0000016b29815b40 JavaThread "Reference Handler"          daemon [_thread_blocked, id=23060, stack(0x0000004fa5000000,0x0000004fa5100000) (1024K)]
  0x0000016b29816590 JavaThread "Finalizer"                  daemon [_thread_blocked, id=23120, stack(0x0000004fa5100000,0x0000004fa5200000) (1024K)]
  0x0000016b29819800 JavaThread "Signal Dispatcher"          daemon [_thread_blocked, id=23068, stack(0x0000004fa5200000,0x0000004fa5300000) (1024K)]
  0x0000016b2981b4f0 JavaThread "Attach Listener"            daemon [_thread_blocked, id=22916, stack(0x0000004fa5300000,0x0000004fa5400000) (1024K)]
  0x0000016b2981c1d0 JavaThread "Service Thread"             daemon [_thread_blocked, id=22912, stack(0x0000004fa5400000,0x0000004fa5500000) (1024K)]
  0x0000016b2981cfe0 JavaThread "Monitor Deflation Thread"   daemon [_thread_blocked, id=22908, stack(0x0000004fa5500000,0x0000004fa5600000) (1024K)]
  0x0000016b2983a7a0 JavaThread "C2 CompilerThread0"         daemon [_thread_in_native, id=22904, stack(0x0000004fa5600000,0x0000004fa5700000) (1024K)]
  0x0000016b2983efb0 JavaThread "C1 CompilerThread0"         daemon [_thread_blocked, id=22900, stack(0x0000004fa5700000,0x0000004fa5800000) (1024K)]
  0x0000016b29a0ad90 JavaThread "Common-Cleaner"             daemon [_thread_blocked, id=22612, stack(0x0000004fa5900000,0x0000004fa5a00000) (1024K)]
  0x0000016b29ad1460 JavaThread "Notification Thread"        daemon [_thread_blocked, id=23092, stack(0x0000004fa5a00000,0x0000004fa5b00000) (1024K)]
  0x0000016b2f7ab1f0 JavaThread "Daemon health stats"               [_thread_blocked, id=8460, stack(0x0000004fa5c00000,0x0000004fa5d00000) (1024K)]
  0x0000016b2fa946e0 JavaThread "Incoming local TCP Connector on port 62393"        [_thread_in_native, id=23436, stack(0x0000004fa5d00000,0x0000004fa5e00000) (1024K)]
  0x0000016b2fe22600 JavaThread "Daemon periodic checks"            [_thread_blocked, id=23432, stack(0x0000004fa5e00000,0x0000004fa5f00000) (1024K)]
  0x0000016b2fa749a0 JavaThread "InnocuousThread-1"          daemon [_thread_blocked, id=23428, stack(0x0000004fa5f00000,0x0000004fa6000000) (1024K)]
  0x0000016b2fa0f490 JavaThread "Daemon"                            [_thread_blocked, id=23424, stack(0x0000004fa6000000,0x0000004fa6100000) (1024K)]
  0x0000016b2fa63a30 JavaThread "Handler for socket connection from /127.0.0.1:62393 to /127.0.0.1:64318"        [_thread_in_native, id=23420, stack(0x0000004fa6100000,0x0000004fa6200000) (1024K)]
  0x0000016b2fa66140 JavaThread "Cancel handler"                    [_thread_blocked, id=23408, stack(0x0000004fa6200000,0x0000004fa6300000) (1024K)]
  0x0000016b2fa63260 JavaThread "Daemon worker"                     [_thread_in_native, id=23416, stack(0x0000004fa6300000,0x0000004fa6400000) (1024K)]
  0x0000016b2fa68080 JavaThread "Asynchronous log dispatcher for DefaultDaemonConnection: socket connection from /127.0.0.1:62393 to /127.0.0.1:64318"        [_thread_blocked, id=23368, stack(0x0000004fa6400000,0x0000004fa6500000) (1024K)]
  0x0000016b2fa670e0 JavaThread "Stdin handler"                     [_thread_blocked, id=22056, stack(0x0000004fa6500000,0x0000004fa6600000) (1024K)]
  0x0000016b2fa68850 JavaThread "Daemon client event forwarder"        [_thread_blocked, id=23352, stack(0x0000004fa6600000,0x0000004fa6700000) (1024K)]
  0x0000016b2fb50180 JavaThread "Cache worker for journal cache (C:\Users\aadha\.gradle\caches\journal-1)"        [_thread_blocked, id=21440, stack(0x0000004fa6f00000,0x0000004fa7000000) (1024K)]
  0x0000016b2fb50950 JavaThread "File lock request listener"        [_thread_in_native, id=21884, stack(0x0000004fa7000000,0x0000004fa7100000) (1024K)]
=>0x0000016b29b3d170 JavaThread "C2 CompilerThread1"         daemon [_thread_in_native, id=2980, stack(0x0000004fa5800000,0x0000004fa5900000) (1024K)]
  0x0000016b2fb54000 JavaThread "File lock release action executor"        [_thread_blocked, id=3480, stack(0x0000004fa7100000,0x0000004fa7200000) (1024K)]
  0x0000016b2fb51120 JavaThread "Cache worker for file hash cache (C:\Users\aadha\.gradle\caches\8.14.3\fileHashes)"        [_thread_blocked, id=22368, stack(0x0000004fa7200000,0x0000004fa7300000) (1024K)]
  0x0000016b3098e320 JavaThread "C2 CompilerThread2"         daemon [_thread_blocked, id=21320, stack(0x0000004fa7300000,0x0000004fa7400000) (1024K)]
Total: 28

Other Threads:
  0x0000016b29800ed0 VMThread "VM Thread"                           [id=23076, stack(0x0000004fa4f00000,0x0000004fa5000000) (1024K)]
  0x0000016b297ee5e0 WatcherThread "VM Periodic Task Thread"        [id=23080, stack(0x0000004fa4e00000,0x0000004fa4f00000) (1024K)]
  0x0000016b091607c0 WorkerThread "GC Thread#0"                     [id=22988, stack(0x0000004fa4800000,0x0000004fa4900000) (1024K)]
  0x0000016b29b269f0 WorkerThread "GC Thread#1"                     [id=23256, stack(0x0000004fa5b00000,0x0000004fa5c00000) (1024K)]
  0x0000016b2fa18a90 WorkerThread "GC Thread#2"                     [id=23348, stack(0x0000004fa6700000,0x0000004fa6800000) (1024K)]
  0x0000016b2fa1ad10 WorkerThread "GC Thread#3"                     [id=23308, stack(0x0000004fa6800000,0x0000004fa6900000) (1024K)]
  0x0000016b2fa18ee0 WorkerThread "GC Thread#4"                     [id=23372, stack(0x0000004fa6900000,0x0000004fa6a00000) (1024K)]
  0x0000016b2fa17500 WorkerThread "GC Thread#5"                     [id=21284, stack(0x0000004fa6a00000,0x0000004fa6b00000) (1024K)]
  0x0000016b2fa19bd0 WorkerThread "GC Thread#6"                     [id=22040, stack(0x0000004fa6b00000,0x0000004fa6c00000) (1024K)]
  0x0000016b2fa1b160 WorkerThread "GC Thread#7"                     [id=19472, stack(0x0000004fa6c00000,0x0000004fa6d00000) (1024K)]
  0x0000016b2fa1a020 WorkerThread "GC Thread#8"                     [id=23344, stack(0x0000004fa6d00000,0x0000004fa6e00000) (1024K)]
  0x0000016b2fa1a470 WorkerThread "GC Thread#9"                     [id=23340, stack(0x0000004fa6e00000,0x0000004fa6f00000) (1024K)]
  0x0000016b0917b600 ConcurrentGCThread "G1 Main Marker"            [id=22984, stack(0x0000004fa4900000,0x0000004fa4a00000) (1024K)]
  0x0000016b0917c180 WorkerThread "G1 Conc#0"                       [id=22980, stack(0x0000004fa4a00000,0x0000004fa4b00000) (1024K)]
  0x0000016b091ca9d0 WorkerThread "G1 Refinement Workers#0"         [id=22972, stack(0x0000004fa4c00000,0x0000004fa4d00000) (1024K)]
  0x0000016b296c72a0 ConcurrentGCThread "G1 Refine Control"         [id=22976, stack(0x0000004fa4b00000,0x0000004fa4c00000) (1024K)]
  0x0000016b091cb1f0 ConcurrentGCThread "G1 Service"                [id=22968, stack(0x0000004fa4d00000,0x0000004fa4e00000) (1024K)]
Total: 17

Threads with active compile tasks:
C2 CompilerThread0  6261 3112   !   4       java.lang.ClassLoader::loadClass (121 bytes)
C2 CompilerThread1  6261 3022       4       java.lang.invoke.MethodType::makeImpl (109 bytes)
Total: 2

VM state: not at safepoint (normal execution)

VM Mutex/Monitor currently owned by a thread: None

Heap address: 0x0000000700000000, size: 4096 MB, Compressed Oops mode: Zero based, Oop shift amount: 3

CDS archive(s) mapped at: [0x0000000092000000-0x0000000092de0000-0x0000000092de0000), size 14548992, SharedBaseAddress: 0x0000000092000000, ArchiveRelocationMode: 1.
Compressed class space mapped at: 0x0000000093000000-0x00000000c7000000, reserved size: 872415232
UseCompressedClassPointers 1, UseCompactObjectHeaders 0
Narrow klass pointer bits 32, Max shift 3
Narrow klass base: 0x0000000092000000, Narrow klass shift: 0
Encoding Range: [0x0000000092000000 - 0x0000000192000000), (4294967296 bytes)
Klass Range:    [0x0000000092000000 - 0x00000000c7000000), (889192448 bytes)
Klass ID Range:  [8 - 889192441) (889192433)
Protection zone: [0x0000000092000000 - 0x0000000092010000), (65536 bytes)

GC Precious Log:
 CardTable entry size: 512
 Card Set container configuration: InlinePtr #cards 4 size 8 Array Of Cards #cards 16 size 48 Howl #buckets 8 coarsen threshold 3686 Howl Bitmap #cards 512 size 80 coarsen threshold 460 Card regions per heap region 1 cards per card region 4096
 CPUs: 12 total, 12 available
 Memory: 16071M
 Large Page Support: Disabled
 NUMA Support: Disabled
 Compressed Oops: Enabled (Zero based)
 Heap Region Size: 2M
 Heap Min Capacity: 8M
 Heap Initial Capacity: 8M
 Heap Max Capacity: 4G
 Pre-touch: Disabled
 Parallel Workers: 10
 Concurrent Workers: 3
 Concurrent Refinement Workers: 10
 Periodic GC: Disabled

Heap:
 garbage-first heap   total reserved 4194304K, committed 96256K, used 68321K [0x0000000700000000, 0x0000000800000000)
  region size 2M, 24 eden (48M), 4 survivor (8M), 5 old (10M), 2 humongous (4M), 12 free (24M)

Heap Regions: E=young(eden), S=young(survivor), O=old, HS=humongous(starts), HC=humongous(continues), CS=collection set, F=free, TAMS=top-at-mark-start, PB=parsable bottom
|    0|0x0000000700000000, 0x0000000700200000, 0x0000000700200000|100%|HS|  |TAMS 0x0000000700000000| PB 0x0000000700000000| Complete  |  0
|    1|0x0000000700200000, 0x0000000700400000, 0x0000000700400000|100%|HC|  |TAMS 0x0000000700200000| PB 0x0000000700200000| Complete  |  0
|    2|0x0000000700400000, 0x0000000700600000, 0x0000000700600000|100%| O|  |TAMS 0x0000000700400000| PB 0x0000000700400000| Untracked |  0
|    3|0x0000000700600000, 0x0000000700600000, 0x0000000700800000|  0%| F|  |TAMS 0x0000000700600000| PB 0x0000000700600000| Untracked |  0
|    4|0x0000000700800000, 0x0000000700a00000, 0x0000000700a00000|100%| O|  |TAMS 0x0000000700800000| PB 0x0000000700800000| Untracked |  0
|    5|0x0000000700a00000, 0x0000000700b8f970, 0x0000000700c00000| 78%| O|  |TAMS 0x0000000700a00000| PB 0x0000000700a00000| Untracked |  0
|    6|0x0000000700c00000, 0x0000000700c00000, 0x0000000700e00000|  0%| F|  |TAMS 0x0000000700c00000| PB 0x0000000700c00000| Untracked |  0
|    7|0x0000000700e00000, 0x0000000700e00000, 0x0000000701000000|  0%| F|  |TAMS 0x0000000700e00000| PB 0x0000000700e00000| Untracked |  0
|    8|0x0000000701000000, 0x0000000701000000, 0x0000000701200000|  0%| F|  |TAMS 0x0000000701000000| PB 0x0000000701000000| Untracked |  0
|    9|0x0000000701200000, 0x0000000701200000, 0x0000000701400000|  0%| F|  |TAMS 0x0000000701200000| PB 0x0000000701200000| Untracked |  0
|   10|0x0000000701400000, 0x0000000701400000, 0x0000000701600000|  0%| F|  |TAMS 0x0000000701400000| PB 0x0000000701400000| Untracked |  0
|   11|0x0000000701600000, 0x0000000701600000, 0x0000000701800000|  0%| F|  |TAMS 0x0000000701600000| PB 0x0000000701600000| Untracked |  0
|   12|0x0000000701800000, 0x0000000701800000, 0x0000000701a00000|  0%| F|  |TAMS 0x0000000701800000| PB 0x0000000701800000| Untracked |  0
|   13|0x0000000701a00000, 0x0000000701a00000, 0x0000000701c00000|  0%| F|  |TAMS 0x0000000701a00000| PB 0x0000000701a00000| Untracked |  0
|   14|0x0000000701c00000, 0x0000000701e00000, 0x0000000701e00000|100%| S|CS|TAMS 0x0000000701c00000| PB 0x0000000701c00000| Complete  |  0
|   15|0x0000000701e00000, 0x0000000702000000, 0x0000000702000000|100%| S|CS|TAMS 0x0000000701e00000| PB 0x0000000701e00000| Complete  |  0
|   16|0x0000000702000000, 0x0000000702200000, 0x0000000702200000|100%| S|CS|TAMS 0x0000000702000000| PB 0x0000000702000000| Complete  |  0
|   17|0x0000000702200000, 0x0000000702400000, 0x0000000702400000|100%| S|CS|TAMS 0x0000000702200000| PB 0x0000000702200000| Complete  |  0
|   18|0x0000000702400000, 0x0000000702400000, 0x0000000702600000|  0%| F|  |TAMS 0x0000000702400000| PB 0x0000000702400000| Untracked |  0
|   19|0x0000000702600000, 0x0000000702600000, 0x0000000702800000|  0%| F|  |TAMS 0x0000000702600000| PB 0x0000000702600000| Untracked |  0
|   20|0x0000000702800000, 0x0000000702800000, 0x0000000702a00000|  0%| F|  |TAMS 0x0000000702800000| PB 0x0000000702800000| Untracked |  0
|   21|0x0000000702a00000, 0x0000000702b04030, 0x0000000702c00000| 50%| E|CS|TAMS 0x0000000702a00000| PB 0x0000000702a00000| Complete  |  0
|   22|0x0000000702c00000, 0x0000000702e00000, 0x0000000702e00000|100%| E|CS|TAMS 0x0000000702c00000| PB 0x0000000702c00000| Complete  |  0
|   23|0x0000000702e00000, 0x0000000703000000, 0x0000000703000000|100%| E|CS|TAMS 0x0000000702e00000| PB 0x0000000702e00000| Complete  |  0
|   24|0x0000000703000000, 0x0000000703200000, 0x0000000703200000|100%| E|CS|TAMS 0x0000000703000000| PB 0x0000000703000000| Complete  |  0
|   25|0x0000000703200000, 0x0000000703400000, 0x0000000703400000|100%| E|CS|TAMS 0x0000000703200000| PB 0x0000000703200000| Complete  |  0
|   26|0x0000000703400000, 0x0000000703600000, 0x0000000703600000|100%| E|CS|TAMS 0x0000000703400000| PB 0x0000000703400000| Complete  |  0
|   27|0x0000000703600000, 0x0000000703800000, 0x0000000703800000|100%| E|CS|TAMS 0x0000000703600000| PB 0x0000000703600000| Complete  |  0
|   28|0x0000000703800000, 0x0000000703a00000, 0x0000000703a00000|100%| E|CS|TAMS 0x0000000703800000| PB 0x0000000703800000| Complete  |  0
|   29|0x0000000703a00000, 0x0000000703c00000, 0x0000000703c00000|100%| E|CS|TAMS 0x0000000703a00000| PB 0x0000000703a00000| Complete  |  0
|   30|0x0000000703c00000, 0x0000000703e00000, 0x0000000703e00000|100%| E|CS|TAMS 0x0000000703c00000| PB 0x0000000703c00000| Complete  |  0
|   31|0x0000000703e00000, 0x0000000704000000, 0x0000000704000000|100%| E|CS|TAMS 0x0000000703e00000| PB 0x0000000703e00000| Complete  |  0
|   32|0x0000000704000000, 0x0000000704200000, 0x0000000704200000|100%| E|CS|TAMS 0x0000000704000000| PB 0x0000000704000000| Complete  |  0
|   33|0x0000000704200000, 0x0000000704400000, 0x0000000704400000|100%| E|CS|TAMS 0x0000000704200000| PB 0x0000000704200000| Complete  |  0
|   34|0x0000000704400000, 0x0000000704600000, 0x0000000704600000|100%| E|CS|TAMS 0x0000000704400000| PB 0x0000000704400000| Complete  |  0
|   35|0x0000000704600000, 0x0000000704800000, 0x0000000704800000|100%| E|CS|TAMS 0x0000000704600000| PB 0x0000000704600000| Complete  |  0
|   36|0x0000000704800000, 0x0000000704a00000, 0x0000000704a00000|100%| E|CS|TAMS 0x0000000704800000| PB 0x0000000704800000| Complete  |  0
|   37|0x0000000704a00000, 0x0000000704c00000, 0x0000000704c00000|100%| E|CS|TAMS 0x0000000704a00000| PB 0x0000000704a00000| Complete  |  0
|   38|0x0000000704c00000, 0x0000000704e00000, 0x0000000704e00000|100%| E|CS|TAMS 0x0000000704c00000| PB 0x0000000704c00000| Complete  |  0
|   39|0x0000000704e00000, 0x0000000705000000, 0x0000000705000000|100%| E|CS|TAMS 0x0000000704e00000| PB 0x0000000704e00000| Complete  |  0
|   40|0x0000000705000000, 0x0000000705200000, 0x0000000705200000|100%| E|CS|TAMS 0x0000000705000000| PB 0x0000000705000000| Complete  |  0
|   41|0x0000000705200000, 0x0000000705400000, 0x0000000705400000|100%| E|CS|TAMS 0x0000000705200000| PB 0x0000000705200000| Complete  |  0
|   42|0x0000000705400000, 0x0000000705600000, 0x0000000705600000|100%| E|CS|TAMS 0x0000000705400000| PB 0x0000000705400000| Complete  |  0
|   43|0x0000000705600000, 0x0000000705800000, 0x0000000705800000|100%| E|CS|TAMS 0x0000000705600000| PB 0x0000000705600000| Complete  |  0
|   44|0x0000000705800000, 0x0000000705a00000, 0x0000000705a00000|100%| E|CS|TAMS 0x0000000705800000| PB 0x0000000705800000| Complete  |  0
| 2046|0x00000007ffc00000, 0x00000007ffe00000, 0x00000007ffe00000|100%| O|  |TAMS 0x00000007ffc00000| PB 0x00000007ffc00000| Untracked |  0
| 2047|0x00000007ffe00000, 0x00000007fff28da8, 0x0000000800000000| 57%| O|  |TAMS 0x00000007ffe00000| PB 0x00000007ffe00000| Untracked |  0

Card table byte_map: [0x0000016b21c10000,0x0000016b22410000] _byte_map_base: 0x0000016b1e410000
Refinement table byte_map: [0x0000016b22410000,0x0000016b22c10000] _byte_map_base: 0x0000016b1ec10000

Marking Bits: (CMBitMap*) 0x0000016b09160f40
 Bits: [0x0000016b22c10000, 0x0000016b26c10000)

Polling page: 0x0000016b06f00000

Metaspace:
Metaspace        used 18796K, committed 19392K, reserved 917504K
 class space     used 2788K, committed 3072K, reserved 851968K

Usage:
  Non-class:     15.63 MB used.
      Class:      2.72 MB used.
       Both:     18.36 MB used.

Virtual space:
  Non-class space:       64.00 MB reserved,      15.94 MB ( 25%) committed,  1 nodes.
      Class space:      832.00 MB reserved,       3.00 MB ( <1%) committed,  1 nodes.
             Both:      896.00 MB reserved,      18.94 MB (  2%) committed. 

Chunk freelists:
   Non-Class:  15.25 MB
       Class:  12.82 MB
        Both:  28.07 MB

MaxMetaspaceSize: 1.00 GB
CompressedClassSpaceSize: 832.00 MB
Initial GC threshold: 21.00 MB
Current GC threshold: 21.00 MB
CDS: on
 - commit_granule_bytes: 65536.
 - commit_granule_words: 8192.
 - virtual_space_node_default_size: 8388608.
 - enlarge_chunks_in_place: 1.
UseCompressedClassPointers 1, UseCompactObjectHeaders 0
Narrow klass pointer bits 32, Max shift 3
Narrow klass base: 0x0000000092000000, Narrow klass shift: 0
Encoding Range: [0x0000000092000000 - 0x0000000192000000), (4294967296 bytes)
Klass Range:    [0x0000000092000000 - 0x00000000c7000000), (889192448 bytes)
Klass ID Range:  [8 - 889192441) (889192433)
Protection zone: [0x0000000092000000 - 0x0000000092010000), (65536 bytes)


Internal statistics:

num_allocs_failed_limit: 0.
num_arena_births: 742.
num_arena_deaths: 0.
num_vsnodes_births: 2.
num_vsnodes_deaths: 0.
num_space_committed: 303.
num_space_uncommitted: 0.
num_chunks_returned_to_freelist: 0.
num_chunks_taken_from_freelist: 1443.
num_chunk_merges: 0.
num_chunk_splits: 934.
num_chunks_enlarged: 629.
num_inconsistent_stats: 0.

CodeHeap 'non-profiled nmethods': size=120064Kb used=1142Kb max_used=1142Kb free=118921Kb
 bounds [0x0000016b19870000, 0x0000016b19ae0000, 0x0000016b20db0000]
CodeHeap 'profiled nmethods': size=120000Kb used=5045Kb max_used=5045Kb free=114954Kb
 bounds [0x0000016b11db0000, 0x0000016b122a0000, 0x0000016b192e0000]
CodeHeap 'non-nmethods': size=5696Kb used=1496Kb max_used=1511Kb free=4199Kb
 bounds [0x0000016b192e0000, 0x0000016b19550000, 0x0000016b19870000]
CodeCache: size=245760Kb, used=7683Kb, max_used=7698Kb, free=238074Kb
 total_blobs=3804, nmethods=3196, adapters=511, full_count=0
Compilation: enabled, stopped_count=0, restarted_count=0

Compilation events (20 events):
Event: 6.071 Thread 0x0000016b2983efb0 3151       1       sun.reflect.generics.tree.ClassTypeSignature::getPath (5 bytes)
Event: 6.071 Thread 0x0000016b2983efb0 nmethod 3151 0x0000016b1998b708 code [0x0000016b1998b800, 0x0000016b1998b8b8]
Event: 6.071 Thread 0x0000016b2983efb0 3152       1       sun.reflect.generics.tree.SimpleClassTypeSignature::getDollar (5 bytes)
Event: 6.071 Thread 0x0000016b2983efb0 nmethod 3152 0x0000016b1998ba08 code [0x0000016b1998bb00, 0x0000016b1998bbb8]
Event: 6.075 Thread 0x0000016b2983efb0 3155       3       java.lang.Class::privateGetDeclaredMethods (56 bytes)
Event: 6.075 Thread 0x0000016b2983efb0 nmethod 3155 0x0000016b12287d08 code [0x0000016b12287e00, 0x0000016b122884d0]
Event: 6.076 Thread 0x0000016b2983efb0 3156       1       sun.reflect.generics.repository.AbstractRepository::getFactory (5 bytes)
Event: 6.076 Thread 0x0000016b2983efb0 nmethod 3156 0x0000016b1998bd08 code [0x0000016b1998be00, 0x0000016b1998beb8]
Event: 6.076 Thread 0x0000016b2983efb0 3157       3       org.gradle.internal.service.DefaultServiceRegistry$OwnServices::add (82 bytes)
Event: 6.077 Thread 0x0000016b2983efb0 nmethod 3157 0x0000016b12288508 code [0x0000016b12288600, 0x0000016b122890a0]
Event: 6.077 Thread 0x0000016b2983efb0 3158       3       org.gradle.internal.service.DefaultServiceRegistry::access$1300 (5 bytes)
Event: 6.077 Thread 0x0000016b2983efb0 nmethod 3158 0x0000016b12289108 code [0x0000016b12289200, 0x0000016b12289318]
Event: 6.079 Thread 0x0000016b2983efb0 3159       3       java.lang.invoke.LambdaForm$MH/0x00000000930cc400::invoke (39 bytes)
Event: 6.081 Thread 0x0000016b2983efb0 nmethod 3159 0x0000016b12289408 code [0x0000016b12289500, 0x0000016b1228a0f0]
Event: 6.103 Thread 0x0000016b2983efb0 3160   !   3       jdk.proxy1.$Proxy5::annotationType (28 bytes)
Event: 6.103 Thread 0x0000016b2983efb0 nmethod 3160 0x0000016b1228a188 code [0x0000016b1228a280, 0x0000016b1228a648]
Event: 6.103 Thread 0x0000016b2983efb0 3161       3       java.util.LinkedHashMap::entrySet (5 bytes)
Event: 6.104 Thread 0x0000016b2983efb0 nmethod 3161 0x0000016b1228a688 code [0x0000016b1228a780, 0x0000016b1228a8c8]
Event: 6.104 Thread 0x0000016b2983efb0 3162       3       java.util.LinkedHashMap::sequencedEntrySet (31 bytes)
Event: 6.104 Thread 0x0000016b2983efb0 nmethod 3162 0x0000016b1228a988 code [0x0000016b1228aa80, 0x0000016b1228afb8]

GC Heap Usage History (20 events):
Event: 0.249 {heap Before GC invocations=0 (full 0):
 garbage-first heap   total reserved 4194304K, committed 10240K, used 5283K [0x0000000700000000, 0x0000000800000000)
  region size 2M, 2 eden (4M), 0 survivor (0M), 1 old (2M), 0 humongous (0M), 2 free (4M)
}
Event: 0.253 {heap After GC invocations=1 (full 0):
 garbage-first heap   total reserved 4194304K, committed 10240K, used 1827K [0x0000000700000000, 0x0000000800000000)
  region size 2M, 0 eden (0M), 1 survivor (2M), 1 old (2M), 0 humongous (0M), 3 free (6M)
}
Event: 0.301 {heap Before GC invocations=1 (full 0):
 garbage-first heap   total reserved 4194304K, committed 10240K, used 3875K [0x0000000700000000, 0x0000000800000000)
  region size 2M, 1 eden (2M), 1 survivor (2M), 1 old (2M), 0 humongous (0M), 2 free (4M)
}
Event: 0.304 {heap After GC invocations=2 (full 0):
 garbage-first heap   total reserved 4194304K, committed 10240K, used 1964K [0x0000000700000000, 0x0000000800000000)
  region size 2M, 0 eden (0M), 1 survivor (2M), 1 old (2M), 0 humongous (0M), 3 free (6M)
}
Event: 0.341 {heap Before GC invocations=2 (full 0):
 garbage-first heap   total reserved 4194304K, committed 10240K, used 4012K [0x0000000700000000, 0x0000000800000000)
  region size 2M, 1 eden (2M), 1 survivor (2M), 1 old (2M), 0 humongous (0M), 2 free (4M)
}
Event: 0.344 {heap After GC invocations=3 (full 0):
 garbage-first heap   total reserved 4194304K, committed 30720K, used 2001K [0x0000000700000000, 0x0000000800000000)
  region size 2M, 0 eden (0M), 1 survivor (2M), 1 old (2M), 0 humongous (0M), 13 free (26M)
}
Event: 0.608 {heap Before GC invocations=3 (full 0):
 garbage-first heap   total reserved 4194304K, committed 30720K, used 16337K [0x0000000700000000, 0x0000000800000000)
  region size 2M, 8 eden (16M), 1 survivor (2M), 1 old (2M), 0 humongous (0M), 5 free (10M)
}
Event: 0.613 {heap After GC invocations=4 (full 0):
 garbage-first heap   total reserved 4194304K, committed 30720K, used 4311K [0x0000000700000000, 0x0000000800000000)
  region size 2M, 0 eden (0M), 2 survivor (4M), 1 old (2M), 0 humongous (0M), 12 free (24M)
}
Event: 1.288 {heap Before GC invocations=4 (full 0):
 garbage-first heap   total reserved 4194304K, committed 30720K, used 20695K [0x0000000700000000, 0x0000000800000000)
  region size 2M, 7 eden (14M), 2 survivor (4M), 1 old (2M), 2 humongous (4M), 3 free (6M)
}
Event: 1.295 {heap After GC invocations=5 (full 0):
 garbage-first heap   total reserved 4194304K, committed 32768K, used 12140K [0x0000000700000000, 0x0000000800000000)
  region size 2M, 0 eden (0M), 2 survivor (4M), 3 old (6M), 2 humongous (4M), 9 free (18M)
}
Event: 1.657 {heap Before GC invocations=5 (full 0):
 garbage-first heap   total reserved 4194304K, committed 32768K, used 22380K [0x0000000700000000, 0x0000000800000000)
  region size 2M, 5 eden (10M), 2 survivor (4M), 3 old (6M), 2 humongous (4M), 4 free (8M)
}
Event: 1.661 {heap After GC invocations=6 (full 0):
 garbage-first heap   total reserved 4194304K, committed 32768K, used 12728K [0x0000000700000000, 0x0000000800000000)
  region size 2M, 0 eden (0M), 1 survivor (2M), 5 old (10M), 2 humongous (4M), 8 free (16M)
}
Event: 1.742 {heap Before GC invocations=6 (full 0):
 garbage-first heap   total reserved 4194304K, committed 32768K, used 22968K [0x0000000700000000, 0x0000000800000000)
  region size 2M, 5 eden (10M), 1 survivor (2M), 5 old (10M), 2 humongous (4M), 3 free (6M)
}
Event: 1.743 {heap After GC invocations=7 (full 0):
 garbage-first heap   total reserved 4194304K, committed 32768K, used 12912K [0x0000000700000000, 0x0000000800000000)
  region size 2M, 0 eden (0M), 1 survivor (2M), 5 old (10M), 2 humongous (4M), 8 free (16M)
}
Event: 1.878 {heap Before GC invocations=7 (full 0):
 garbage-first heap   total reserved 4194304K, committed 32768K, used 25200K [0x0000000700000000, 0x0000000800000000)
  region size 2M, 6 eden (12M), 1 survivor (2M), 5 old (10M), 2 humongous (4M), 2 free (4M)
}
Event: 1.879 {heap After GC invocations=8 (full 0):
 garbage-first heap   total reserved 4194304K, committed 32768K, used 13293K [0x0000000700000000, 0x0000000800000000)
  region size 2M, 0 eden (0M), 1 survivor (2M), 5 old (10M), 2 humongous (4M), 8 free (16M)
}
Event: 2.043 {heap Before GC invocations=8 (full 0):
 garbage-first heap   total reserved 4194304K, committed 32768K, used 25581K [0x0000000700000000, 0x0000000800000000)
  region size 2M, 6 eden (12M), 1 survivor (2M), 5 old (10M), 2 humongous (4M), 2 free (4M)
}
Event: 2.047 {heap After GC invocations=9 (full 0):
 garbage-first heap   total reserved 4194304K, committed 96256K, used 13605K [0x0000000700000000, 0x0000000800000000)
  region size 2M, 0 eden (0M), 1 survivor (2M), 5 old (10M), 2 humongous (4M), 39 free (78M)
}
Event: 3.127 {heap Before GC invocations=9 (full 0):
 garbage-first heap   total reserved 4194304K, committed 96256K, used 68901K [0x0000000700000000, 0x0000000800000000)
  region size 2M, 27 eden (54M), 1 survivor (2M), 5 old (10M), 2 humongous (4M), 12 free (24M)
}
Event: 3.134 {heap After GC invocations=10 (full 0):
 garbage-first heap   total reserved 4194304K, committed 96256K, used 21217K [0x0000000700000000, 0x0000000800000000)
  region size 2M, 0 eden (0M), 4 survivor (8M), 5 old (10M), 2 humongous (4M), 36 free (72M)
}

Metaspace Usage History (20 events):
Event: 0.249 {metaspace Before GC invocations=0 (full 0):
 Metaspace       used 806K, committed 896K, reserved 917504K
  class space    used 63K, committed 128K, reserved 851968K
}
Event: 0.253 {metaspace After GC invocations=1 (full 0):
 Metaspace       used 806K, committed 896K, reserved 917504K
  class space    used 63K, committed 128K, reserved 851968K
}
Event: 0.301 {metaspace Before GC invocations=1 (full 0):
 Metaspace       used 829K, committed 960K, reserved 917504K
  class space    used 63K, committed 128K, reserved 851968K
}
Event: 0.304 {metaspace After GC invocations=2 (full 0):
 Metaspace       used 829K, committed 960K, reserved 917504K
  class space    used 63K, committed 128K, reserved 851968K
}
Event: 0.341 {metaspace Before GC invocations=2 (full 0):
 Metaspace       used 842K, committed 960K, reserved 917504K
  class space    used 63K, committed 128K, reserved 851968K
}
Event: 0.344 {metaspace After GC invocations=3 (full 0):
 Metaspace       used 842K, committed 960K, reserved 917504K
  class space    used 63K, committed 128K, reserved 851968K
}
Event: 0.608 {metaspace Before GC invocations=3 (full 0):
 Metaspace       used 1045K, committed 1216K, reserved 917504K
  class space    used 66K, committed 128K, reserved 851968K
}
Event: 0.613 {metaspace After GC invocations=4 (full 0):
 Metaspace       used 1045K, committed 1216K, reserved 917504K
  class space    used 66K, committed 128K, reserved 851968K
}
Event: 1.288 {metaspace Before GC invocations=4 (full 0):
 Metaspace       used 3557K, committed 3712K, reserved 917504K
  class space    used 463K, committed 512K, reserved 851968K
}
Event: 1.295 {metaspace After GC invocations=5 (full 0):
 Metaspace       used 3557K, committed 3712K, reserved 917504K
  class space    used 463K, committed 512K, reserved 851968K
}
Event: 1.657 {metaspace Before GC invocations=5 (full 0):
 Metaspace       used 4368K, committed 4544K, reserved 917504K
  class space    used 559K, committed 640K, reserved 851968K
}
Event: 1.661 {metaspace After GC invocations=6 (full 0):
 Metaspace       used 4368K, committed 4544K, reserved 917504K
  class space    used 559K, committed 640K, reserved 851968K
}
Event: 1.742 {metaspace Before GC invocations=6 (full 0):
 Metaspace       used 4403K, committed 4608K, reserved 917504K
  class space    used 559K, committed 640K, reserved 851968K
}
Event: 1.743 {metaspace After GC invocations=7 (full 0):
 Metaspace       used 4403K, committed 4608K, reserved 917504K
  class space    used 559K, committed 640K, reserved 851968K
}
Event: 1.878 {metaspace Before GC invocations=7 (full 0):
 Metaspace       used 4413K, committed 4608K, reserved 917504K
  class space    used 560K, committed 640K, reserved 851968K
}
Event: 1.879 {metaspace After GC invocations=8 (full 0):
 Metaspace       used 4413K, committed 4608K, reserved 917504K
  class space    used 560K, committed 640K, reserved 851968K
}
Event: 2.044 {metaspace Before GC invocations=8 (full 0):
 Metaspace       used 4418K, committed 4608K, reserved 917504K
  class space    used 560K, committed 640K, reserved 851968K
}
Event: 2.047 {metaspace After GC invocations=9 (full 0):
 Metaspace       used 4418K, committed 4608K, reserved 917504K
  class space    used 560K, committed 640K, reserved 851968K
}
Event: 3.127 {metaspace Before GC invocations=9 (full 0):
 Metaspace       used 11488K, committed 11904K, reserved 917504K
  class space    used 1582K, committed 1792K, reserved 851968K
}
Event: 3.134 {metaspace After GC invocations=10 (full 0):
 Metaspace       used 11488K, committed 11904K, reserved 917504K
  class space    used 1582K, committed 1792K, reserved 851968K
}

Dll operation events (20 events):
Event: 0.105 Attempting to load shared library C:\Program Files\Java\jdk-26\bin\nio.dll
Event: 0.106 Loaded shared library C:\Program Files\Java\jdk-26\bin\nio.dll
Event: 0.109 Attempting to load shared library C:\Program Files\Java\jdk-26\bin\zip.dll
Event: 0.109 Loaded shared library C:\Program Files\Java\jdk-26\bin\zip.dll
Event: 0.519 Attempting to load shared library C:\Program Files\Java\jdk-26\bin\jimage.dll
Event: 0.519 Loaded shared library C:\Program Files\Java\jdk-26\bin\jimage.dll
Event: 0.726 Attempting to load shared library C:\Program Files\Java\jdk-26\bin\verify.dll
Event: 0.727 Loaded shared library C:\Program Files\Java\jdk-26\bin\verify.dll
Event: 0.878 Attempting to load shared library C:\Users\aadha\.gradle\native\1def1411415f61bf3af743bc5b6707747c0891f09f0c88961ee8f79bc544acac\windows-amd64\native-platform.dll
Event: 0.879 Loaded shared library C:\Users\aadha\.gradle\native\1def1411415f61bf3af743bc5b6707747c0891f09f0c88961ee8f79bc544acac\windows-amd64\native-platform.dll
Event: 0.889 Attempting to load shared library C:\Users\aadha\.gradle\native\0.2.7\x86_64-windows-gnu\gradle-fileevents.dll
Event: 0.890 Loaded shared library C:\Users\aadha\.gradle\native\0.2.7\x86_64-windows-gnu\gradle-fileevents.dll
Event: 2.409 Attempting to load shared library C:\Program Files\Java\jdk-26\bin\management.dll
Event: 2.410 Loaded shared library C:\Program Files\Java\jdk-26\bin\management.dll
Event: 2.412 Attempting to load shared library C:\Program Files\Java\jdk-26\bin\management_ext.dll
Event: 2.414 Loaded shared library C:\Program Files\Java\jdk-26\bin\management_ext.dll
Event: 2.579 Attempting to load shared library C:\Program Files\Java\jdk-26\bin\extnet.dll
Event: 2.581 Loaded shared library C:\Program Files\Java\jdk-26\bin\extnet.dll
Event: 2.885 Attempting to load shared library C:\Program Files\Java\jdk-26\bin\sunmscapi.dll
Event: 2.891 Loaded shared library C:\Program Files\Java\jdk-26\bin\sunmscapi.dll

Deoptimization events (20 events):
Event: 3.225 Thread 0x0000016b2fa63260 Uncommon trap: trap_request=0xffffff45 fr.pc=0x0000016b199393b0 relative=0x00000000000004b0
Event: 3.225 Thread 0x0000016b2fa63260 Uncommon trap: reason=unstable_if action=reinterpret pc=0x0000016b199393b0 method=java.util.HashMap.getNode(Ljava/lang/Object;)Ljava/util/HashMap$Node; @ 66 c2
Event: 3.225 Thread 0x0000016b2fa63260 DEOPT PACKING pc=0x0000016b199393b0 sp=0x0000004fa63fc240
Event: 3.225 Thread 0x0000016b2fa63260 DEOPT UNPACKING pc=0x0000016b19402602 sp=0x0000004fa63fc160 mode 2
Event: 5.404 Thread 0x0000016b2fa63260 DEOPT PACKING pc=0x0000016b11e7080f sp=0x0000004fa63faa70
Event: 5.404 Thread 0x0000016b2fa63260 DEOPT UNPACKING pc=0x0000016b19331a02 sp=0x0000004fa63f9f08 mode 0
Event: 5.506 Thread 0x0000016b2fa63260 Uncommon trap: trap_request=0xffffff45 fr.pc=0x0000016b19894dbc relative=0x0000000000000b3c
Event: 5.506 Thread 0x0000016b2fa63260 Uncommon trap: reason=unstable_if action=reinterpret pc=0x0000016b19894dbc method=java.io.WinNTFileSystem.resolve(Ljava/lang/String;Ljava/lang/String;)Ljava/lang/String; @ 42 c2
Event: 5.506 Thread 0x0000016b2fa63260 DEOPT PACKING pc=0x0000016b19894dbc sp=0x0000004fa63fb0f0
Event: 5.506 Thread 0x0000016b2fa63260 DEOPT UNPACKING pc=0x0000016b19402602 sp=0x0000004fa63fb068 mode 2
Event: 5.507 Thread 0x0000016b2fa63260 Uncommon trap: trap_request=0xffffff45 fr.pc=0x0000016b1989c6b8 relative=0x0000000000000538
Event: 5.507 Thread 0x0000016b2fa63260 Uncommon trap: reason=unstable_if action=reinterpret pc=0x0000016b1989c6b8 method=java.io.File.getName()Ljava/lang/String; @ 16 c2
Event: 5.508 Thread 0x0000016b2fa63260 DEOPT PACKING pc=0x0000016b1989c6b8 sp=0x0000004fa63fb0c0
Event: 5.508 Thread 0x0000016b2fa63260 DEOPT UNPACKING pc=0x0000016b19402602 sp=0x0000004fa63fb090 mode 2
Event: 5.896 Thread 0x0000016b2fa63260 DEOPT PACKING pc=0x0000016b12200a4d sp=0x0000004fa63f8930
Event: 5.896 Thread 0x0000016b2fa63260 DEOPT UNPACKING pc=0x0000016b19331a02 sp=0x0000004fa63f7e40 mode 0
Event: 5.927 Thread 0x0000016b2fa63260 DEOPT PACKING pc=0x0000016b12200a4d sp=0x0000004fa63f65f0
Event: 5.927 Thread 0x0000016b2fa63260 DEOPT UNPACKING pc=0x0000016b19331a02 sp=0x0000004fa63f5b00 mode 0
Event: 5.946 Thread 0x0000016b2fa63260 DEOPT PACKING pc=0x0000016b12200a4d sp=0x0000004fa63fbbe0
Event: 5.946 Thread 0x0000016b2fa63260 DEOPT UNPACKING pc=0x0000016b19331a02 sp=0x0000004fa63fb0f0 mode 0

Classes loaded (20 events):
Event: 5.849 Loading class java/io/ObjectStreamClass$3
Event: 5.850 Loading class java/io/ObjectStreamClass$3 done
Event: 5.850 Loading class java/io/ObjectStreamClass$ClassDataSlot
Event: 5.850 Loading class java/io/ObjectStreamClass$ClassDataSlot done
Event: 5.852 Loading class jdk/internal/reflect/MethodHandleLongFieldAccessorImpl
Event: 5.852 Loading class jdk/internal/reflect/MethodHandleLongFieldAccessorImpl done
Event: 5.854 Loading class java/io/UnsupportedEncodingException
Event: 5.855 Loading class java/io/UnsupportedEncodingException done
Event: 5.855 Loading class java/nio/charset/UnmappableCharacterException
Event: 5.855 Loading class java/nio/charset/UnmappableCharacterException done
Event: 5.855 Loading class java/util/stream/IntStream
Event: 5.855 Loading class java/util/stream/IntStream done
Event: 5.856 Loading class java/lang/foreign/MemorySegment
Event: 5.856 Loading class java/lang/foreign/MemorySegment done
Event: 5.939 Loading class java/util/function/LongFunction
Event: 5.939 Loading class java/util/function/LongFunction done
Event: 6.027 Loading class java/security/InvalidKeyException
Event: 6.027 Loading class java/security/KeyException
Event: 6.027 Loading class java/security/KeyException done
Event: 6.027 Loading class java/security/InvalidKeyException done

Classes unloaded (0 events):
No events

Classes redefined (0 events):
No events

Internal exceptions (20 events):
Event: 5.626 Thread 0x0000016b2fa63260 Exception <a 'java/lang/NoSuchMethodError'{0x0000000703c13888}: 'int java.lang.invoke.DirectMethodHandle$Holder.invokeStatic(java.lang.Object, java.lang.Object, java.lang.Object, java.lang.Object)'> (0x0000000703c13888) 
thrown [s\open\src\hotspot\share\interpreter\linkResolver.cpp, line 804]
Event: 5.703 Thread 0x0000016b2fa63260 Exception <a 'java/lang/NoSuchMethodError'{0x0000000703a9fec8}: 'java.lang.Object java.lang.invoke.DelegatingMethodHandle$Holder.reinvoke_L(java.lang.Object, java.lang.Object, java.lang.Object, java.lang.Object, java.lang.Object, java.lang.Object, java.lang.Object, java.lang.Object, java.lang.Object, java.lang.Object, java.lang.Object, java.lang.Object, java.lang.Object, java.lang.Object, java.lang.Object, java.lang.Object, java.lang.Object, java.lang.Object, java.lang.Object, java.lang.Object, java.lang.O
Event: 5.709 Thread 0x0000016b2fa63260 Exception <a 'java/lang/NoSuchMethodError'{0x0000000703b515e8}: 'java.lang.Object java.lang.invoke.DirectMethodHandle$Holder.invokeStatic(java.lang.Object, java.lang.Object, java.lang.Object, java.lang.Object, java.lang.Object, java.lang.Object, java.lang.Object, java.lang.Object, java.lang.Object, java.lang.Object, java.lang.Object, java.lang.Object, java.lang.Object, java.lang.Object, java.lang.Object, java.lang.Object, java.lang.Object)'> (0x0000000703b515e8) 
thrown [s\open\src\hotspot\share\interprete
Event: 5.711 Thread 0x0000016b2fa63260 Exception <a 'java/lang/NoSuchMethodError'{0x0000000703b837a8}: 'java.lang.Object java.lang.invoke.DirectMethodHandle$Holder.invokeStatic(java.lang.Object, java.lang.Object, java.lang.Object, java.lang.Object, java.lang.Object, java.lang.Object, java.lang.Object, java.lang.Object, java.lang.Object, java.lang.Object, java.lang.Object, java.lang.Object, java.lang.Object, java.lang.Object, java.lang.Object, java.lang.Object, java.lang.Object, java.lang.Object)'> (0x0000000703b837a8) 
thrown [s\open\src\hotspo
Event: 5.714 Thread 0x0000016b2fa63260 Exception <a 'java/lang/NoSuchMethodError'{0x0000000703bb6c00}: 'java.lang.Object java.lang.invoke.DirectMethodHandle$Holder.invokeStatic(java.lang.Object, java.lang.Object, java.lang.Object, java.lang.Object, java.lang.Object, java.lang.Object, java.lang.Object, java.lang.Object, java.lang.Object, java.lang.Object, java.lang.Object, java.lang.Object, java.lang.Object, java.lang.Object, java.lang.Object, java.lang.Object, java.lang.Object, java.lang.Object, java.lang.Object)'> (0x0000000703bb6c00) 
thrown 
Event: 5.716 Thread 0x0000016b2fa63260 Exception <a 'java/lang/NoSuchMethodError'{0x0000000703beb028}: 'java.lang.Object java.lang.invoke.DirectMethodHandle$Holder.invokeStatic(java.lang.Object, java.lang.Object, java.lang.Object, java.lang.Object, java.lang.Object, java.lang.Object, java.lang.Object, java.lang.Object, java.lang.Object, java.lang.Object, java.lang.Object, java.lang.Object, java.lang.Object, java.lang.Object, java.lang.Object, java.lang.Object, java.lang.Object, java.lang.Object, java.lang.Object, java.lang.Object)'> (0x00000007
Event: 5.720 Thread 0x0000016b2fa63260 Exception <a 'java/lang/NoSuchMethodError'{0x00000007038205d0}: 'java.lang.Object java.lang.invoke.DirectMethodHandle$Holder.invokeStatic(java.lang.Object, java.lang.Object, java.lang.Object, java.lang.Object, java.lang.Object, java.lang.Object, java.lang.Object, java.lang.Object, java.lang.Object, java.lang.Object, java.lang.Object, java.lang.Object, java.lang.Object, java.lang.Object, java.lang.Object, java.lang.Object, java.lang.Object, java.lang.Object, java.lang.Object, java.lang.Object, java.lang.Obj
Event: 5.722 Thread 0x0000016b2fa63260 Exception <a 'java/lang/NoSuchMethodError'{0x00000007038567e8}: 'java.lang.Object java.lang.invoke.DirectMethodHandle$Holder.invokeStatic(java.lang.Object, java.lang.Object, java.lang.Object, java.lang.Object, java.lang.Object, java.lang.Object, java.lang.Object, java.lang.Object, java.lang.Object, java.lang.Object, java.lang.Object, java.lang.Object, java.lang.Object, java.lang.Object, java.lang.Object, java.lang.Object, java.lang.Object, java.lang.Object, java.lang.Object, java.lang.Object, java.lang.Obj
Event: 5.725 Thread 0x0000016b2fa63260 Exception <a 'java/lang/NoSuchMethodError'{0x000000070388d7e0}: 'java.lang.Object java.lang.invoke.DirectMethodHandle$Holder.invokeStatic(java.lang.Object, java.lang.Object, java.lang.Object, java.lang.Object, java.lang.Object, java.lang.Object, java.lang.Object, java.lang.Object, java.lang.Object, java.lang.Object, java.lang.Object, java.lang.Object, java.lang.Object, java.lang.Object, java.lang.Object, java.lang.Object, java.lang.Object, java.lang.Object, java.lang.Object, java.lang.Object, java.lang.Obj
Event: 5.728 Thread 0x0000016b2fa63260 Exception <a 'java/lang/NoSuchMethodError'{0x00000007038c59f0}: 'java.lang.Object java.lang.invoke.DirectMethodHandle$Holder.invokeStatic(java.lang.Object, java.lang.Object, java.lang.Object, java.lang.Object, java.lang.Object, java.lang.Object, java.lang.Object, java.lang.Object, java.lang.Object, java.lang.Object, java.lang.Object, java.lang.Object, java.lang.Object, java.lang.Object, java.lang.Object, java.lang.Object, java.lang.Object, java.lang.Object, java.lang.Object, java.lang.Object, java.lang.Obj
Event: 5.732 Thread 0x0000016b2fa63260 Exception <a 'java/lang/NoSuchMethodError'{0x00000007038fea78}: 'java.lang.Object java.lang.invoke.DirectMethodHandle$Holder.invokeStatic(java.lang.Object, java.lang.Object, java.lang.Object, java.lang.Object, java.lang.Object, java.lang.Object, java.lang.Object, java.lang.Object, java.lang.Object, java.lang.Object, java.lang.Object, java.lang.Object, java.lang.Object, java.lang.Object, java.lang.Object, java.lang.Object, java.lang.Object, java.lang.Object, java.lang.Object, java.lang.Object, java.lang.Obj
Event: 5.735 Thread 0x0000016b2fa63260 Exception <a 'java/lang/NoSuchMethodError'{0x00000007039392d8}: 'java.lang.Object java.lang.invoke.DirectMethodHandle$Holder.invokeStatic(java.lang.Object, java.lang.Object, java.lang.Object, java.lang.Object, java.lang.Object, java.lang.Object, java.lang.Object, java.lang.Object, java.lang.Object, java.lang.Object, java.lang.Object, java.lang.Object, java.lang.Object, java.lang.Object, java.lang.Object, java.lang.Object, java.lang.Object, java.lang.Object, java.lang.Object, java.lang.Object, java.lang.Obj
Event: 5.739 Thread 0x0000016b2fa63260 Exception <a 'java/lang/NoSuchMethodError'{0x00000007039741e0}: 'java.lang.Object java.lang.invoke.DirectMethodHandle$Holder.invokeStatic(java.lang.Object, java.lang.Object, java.lang.Object, java.lang.Object, java.lang.Object, java.lang.Object, java.lang.Object, java.lang.Object, java.lang.Object, java.lang.Object, java.lang.Object, java.lang.Object, java.lang.Object, java.lang.Object, java.lang.Object, java.lang.Object, java.lang.Object, java.lang.Object, java.lang.Object, java.lang.Object, java.lang.Obj
Event: 5.778 Thread 0x0000016b2fa63260 Exception <a 'java/lang/IncompatibleClassChangeError'{0x0000000703696258}: Found class java.lang.Object, but interface was expected> (0x0000000703696258) 
thrown [s\open\src\hotspot\share\interpreter\linkResolver.cpp, line 871]
Event: 5.849 Thread 0x0000016b2fa68850 Exception <a 'java/lang/NoSuchMethodError'{0x0000000705934580}: static Lorg/gradle/internal/build/event/types/DefaultOperationStartedProgressEvent;.<clinit>()V> (0x0000000705934580) 
thrown [s\open\src\hotspot\share\prims\jni.cpp, line 1104]
Event: 5.850 Thread 0x0000016b2fa68850 Exception <a 'java/lang/NoSuchMethodError'{0x0000000705936720}: static Lorg/gradle/internal/build/event/types/AbstractProgressEvent;.<clinit>()V> (0x0000000705936720) 
thrown [s\open\src\hotspot\share\prims\jni.cpp, line 1104]
Event: 5.851 Thread 0x0000016b2fa68850 Exception <a 'java/lang/NoSuchMethodError'{0x000000070593c488}: static Lorg/gradle/internal/build/event/types/DefaultOperationDescriptor;.<clinit>()V> (0x000000070593c488) 
thrown [s\open\src\hotspot\share\prims\jni.cpp, line 1104]
Event: 5.853 Thread 0x0000016b2fa68850 Exception <a 'java/lang/NoSuchMethodError'{0x0000000705941958}: 'long java.lang.invoke.DirectMethodHandle$Holder.invokeSpecial(java.lang.Object, java.lang.Object)'> (0x0000000705941958) 
thrown [s\open\src\hotspot\share\interpreter\linkResolver.cpp, line 804]
Event: 5.853 Thread 0x0000016b2fa68850 Exception <a 'java/lang/NoSuchMethodError'{0x0000000705949848}: 'long java.lang.invoke.Invokers$Holder.invokeExact_MT(java.lang.Object, java.lang.Object)'> (0x0000000705949848) 
thrown [s\open\src\hotspot\share\interpreter\linkResolver.cpp, line 804]
Event: 5.857 Thread 0x0000016b2fa68850 Exception <a 'java/lang/NoSuchMethodError'{0x0000000705962ef8}: static Lorg/gradle/internal/operations/OperationIdentifier;.<clinit>()V> (0x0000000705962ef8) 
thrown [s\open\src\hotspot\share\prims\jni.cpp, line 1104]

VM Operations (20 events):
Event: 2.444 Executing non-safepoint VM operation: HandshakeAllThreads (Deoptimize)
Event: 2.444 Executing non-safepoint VM operation: HandshakeAllThreads (Deoptimize) done
Event: 2.515 Executing non-safepoint VM operation: HandshakeAllThreads (Deoptimize)
Event: 2.515 Executing non-safepoint VM operation: HandshakeAllThreads (Deoptimize) done
Event: 2.599 Executing non-safepoint VM operation: HandshakeAllThreads (Deoptimize)
Event: 2.599 Executing non-safepoint VM operation: HandshakeAllThreads (Deoptimize) done
Event: 2.650 Executing non-safepoint VM operation: HandshakeAllThreads (Deoptimize)
Event: 2.650 Executing non-safepoint VM operation: HandshakeAllThreads (Deoptimize) done
Event: 2.679 Executing non-safepoint VM operation: HandshakeAllThreads (Deoptimize)
Event: 2.679 Executing non-safepoint VM operation: HandshakeAllThreads (Deoptimize) done
Event: 2.874 Executing non-safepoint VM operation: HandshakeAllThreads (Deoptimize)
Event: 2.874 Executing non-safepoint VM operation: HandshakeAllThreads (Deoptimize) done
Event: 3.127 Executing safepoint VM operation: G1CollectForAllocation (G1 Evacuation Pause)
Event: 3.134 Executing safepoint VM operation: G1CollectForAllocation (G1 Evacuation Pause) done
Event: 3.310 Executing non-safepoint VM operation: HandshakeAllThreads (Deoptimize)
Event: 3.310 Executing non-safepoint VM operation: HandshakeAllThreads (Deoptimize) done
Event: 5.751 Executing non-safepoint VM operation: HandshakeAllThreads (Deoptimize)
Event: 5.751 Executing non-safepoint VM operation: HandshakeAllThreads (Deoptimize) done
Event: 5.752 Executing non-safepoint VM operation: HandshakeAllThreads (Deoptimize)
Event: 5.752 Executing non-safepoint VM operation: HandshakeAllThreads (Deoptimize) done

Memory protections (0 events):
No events

Nmethod flushes (0 events):
No events

Events (20 events):
Event: 0.132 Thread 0x0000016b09112bb0 Thread added: 0x0000016b29ad1460
Event: 0.519 Thread 0x0000016b2983efb0 Thread added: 0x0000016b29c461c0
Event: 1.174 Thread 0x0000016b29c461c0 Thread exited: 0x0000016b29c461c0
Event: 2.447 Thread 0x0000016b09112bb0 Thread added: 0x0000016b2f7ab1f0
Event: 2.701 Thread 0x0000016b09112bb0 Thread added: 0x0000016b2fa946e0
Event: 2.831 Thread 0x0000016b09112bb0 Thread added: 0x0000016b2fe22600
Event: 2.868 Thread 0x0000016b2fa946e0 Thread added: 0x0000016b2fa749a0
Event: 2.923 Thread 0x0000016b2fa946e0 Thread added: 0x0000016b2fa0f490
Event: 2.926 Thread 0x0000016b2fa0f490 Thread added: 0x0000016b2fa63a30
Event: 2.975 Thread 0x0000016b2fa0f490 Thread added: 0x0000016b2fa66140
Event: 2.983 Thread 0x0000016b2fa0f490 Thread added: 0x0000016b2fa63260
Event: 2.999 Thread 0x0000016b2fa63260 Thread added: 0x0000016b2fa68080
Event: 3.023 Thread 0x0000016b2fa63260 Thread added: 0x0000016b2fa670e0
Event: 3.027 Thread 0x0000016b2fa63260 Thread added: 0x0000016b2fa68850
Event: 3.485 Thread 0x0000016b2fa63260 Thread added: 0x0000016b2fb50180
Event: 3.523 Thread 0x0000016b2fa63260 Thread added: 0x0000016b2fb50950
Event: 3.604 Thread 0x0000016b29983f10 Thread exited: 0x0000016b29983f10
Event: 5.417 Thread 0x0000016b2983efb0 Thread added: 0x0000016b29b3d170
Event: 5.420 Thread 0x0000016b2fb50950 Thread added: 0x0000016b2fb54000
Event: 5.420 Thread 0x0000016b2fa63260 Thread added: 0x0000016b2fb51120


Dynamic libraries:
0x00007ff6b9f50000 - 0x00007ff6b9f60000 	C:\Program Files\Java\jdk-26\bin\java.exe
0x00007ffc95ae0000 - 0x00007ffc95d46000 	C:\Windows\SYSTEM32\ntdll.dll
0x00007ffc94580000 - 0x00007ffc94649000 	C:\Windows\System32\KERNEL32.DLL
0x00007ffc93050000 - 0x00007ffc9344e000 	C:\Windows\System32\KERNELBASE.dll
0x00007ffc93460000 - 0x00007ffc935ac000 	C:\Windows\System32\ucrtbase.dll
0x00007ffc5d990000 - 0x00007ffc5d9ae000 	C:\Program Files\Java\jdk-26\bin\VCRUNTIME140.dll
0x00007ffc5d970000 - 0x00007ffc5d987000 	C:\Program Files\Java\jdk-26\bin\jli.dll
0x00007ffc93df0000 - 0x00007ffc93fb7000 	C:\Windows\System32\USER32.dll
0x00007ffc71e80000 - 0x00007ffc72112000 	C:\Windows\WinSxS\amd64_microsoft.windows.common-controls_6595b64144ccf1df_6.0.26100.8875_none_3e0d5d42e32fe9dd\COMCTL32.dll
0x00007ffc935c0000 - 0x00007ffc935e7000 	C:\Windows\System32\win32u.dll
0x00007ffc93d10000 - 0x00007ffc93db9000 	C:\Windows\System32\msvcrt.dll
0x00007ffc93dc0000 - 0x00007ffc93deb000 	C:\Windows\System32\GDI32.dll
0x00007ffc936b0000 - 0x00007ffc937da000 	C:\Windows\System32\gdi32full.dll
0x00007ffc92cd0000 - 0x00007ffc92d73000 	C:\Windows\System32\msvcp_win.dll
0x00007ffc93bc0000 - 0x00007ffc93bf2000 	C:\Windows\System32\IMM32.DLL
0x00007ffc6c900000 - 0x00007ffc6c90c000 	C:\Program Files\Java\jdk-26\bin\vcruntime140_1.dll
0x00007ffbf9d50000 - 0x00007ffbf9ddd000 	C:\Program Files\Java\jdk-26\bin\msvcp140.dll
0x00007ffbf1aa0000 - 0x00007ffbf296e000 	C:\Program Files\Java\jdk-26\bin\server\jvm.dll
0x00007ffc947d0000 - 0x00007ffc94887000 	C:\Windows\System32\ADVAPI32.dll
0x00007ffc944d0000 - 0x00007ffc9457a000 	C:\Windows\System32\sechost.dll
0x00007ffc93aa0000 - 0x00007ffc93bb8000 	C:\Windows\System32\RPCRT4.dll
0x00007ffc937e0000 - 0x00007ffc93860000 	C:\Windows\System32\WS2_32.dll
0x00007ffc92b30000 - 0x00007ffc92b8e000 	C:\Windows\SYSTEM32\POWRPROF.dll
0x00007ffc8d290000 - 0x00007ffc8d2c6000 	C:\Windows\SYSTEM32\WINMM.dll
0x00007ffc7ec80000 - 0x00007ffc7ec8b000 	C:\Windows\SYSTEM32\VERSION.dll
0x00007ffc92b10000 - 0x00007ffc92b24000 	C:\Windows\SYSTEM32\UMPDC.dll
0x00007ffc91980000 - 0x00007ffc9199b000 	C:\Windows\SYSTEM32\kernel.appcore.dll
0x00007ffc5d960000 - 0x00007ffc5d96a000 	C:\Program Files\Java\jdk-26\bin\jimage.dll
0x00007ffc8f870000 - 0x00007ffc8fab2000 	C:\Windows\SYSTEM32\DBGHELP.DLL
0x00007ffc94890000 - 0x00007ffc94c13000 	C:\Windows\System32\combase.dll
0x00007ffc94e00000 - 0x00007ffc94ed9000 	C:\Windows\System32\OLEAUT32.dll
0x00007ffc6e760000 - 0x00007ffc6e79b000 	C:\Windows\SYSTEM32\dbgcore.DLL
0x00007ffc92d80000 - 0x00007ffc92e2c000 	C:\Windows\System32\bcryptPrimitives.dll
0x00007ffc5d950000 - 0x00007ffc5d960000 	C:\Program Files\Java\jdk-26\bin\instrument.dll
0x00007ffc5d4b0000 - 0x00007ffc5d4cf000 	C:\Program Files\Java\jdk-26\bin\java.dll
0x00007ffc93870000 - 0x00007ffc93a09000 	C:\Windows\System32\ole32.dll
0x00007ffc94f20000 - 0x00007ffc956b2000 	C:\Windows\System32\SHELL32.dll
0x00007ffc90750000 - 0x00007ffc90fe2000 	C:\Windows\SYSTEM32\windows.storage.dll
0x00007ffc94680000 - 0x00007ffc94777000 	C:\Windows\System32\SHCORE.dll
0x00007ffc94460000 - 0x00007ffc944c7000 	C:\Windows\System32\shlwapi.dll
0x00007ffc92bf0000 - 0x00007ffc92c19000 	C:\Windows\SYSTEM32\profapi.dll
0x00007ffc5d340000 - 0x00007ffc5d357000 	C:\Program Files\Java\jdk-26\bin\zip.dll
0x00007ffc5d320000 - 0x00007ffc5d332000 	C:\Program Files\Java\jdk-26\bin\net.dll
0x00007ffc91f10000 - 0x00007ffc91f7c000 	C:\Windows\system32\mswsock.dll
0x00007ffc4f160000 - 0x00007ffc4f176000 	C:\Program Files\Java\jdk-26\bin\nio.dll
0x00007ffc5d4a0000 - 0x00007ffc5d4b0000 	C:\Program Files\Java\jdk-26\bin\verify.dll
0x00007ffc6a790000 - 0x00007ffc6a7b7000 	C:\Users\aadha\.gradle\native\1def1411415f61bf3af743bc5b6707747c0891f09f0c88961ee8f79bc544acac\windows-amd64\native-platform.dll
0x00007ffc098c0000 - 0x00007ffc09938000 	C:\Users\aadha\.gradle\native\0.2.7\x86_64-windows-gnu\gradle-fileevents.dll
0x00007ffc5b8b0000 - 0x00007ffc5b8ba000 	C:\Program Files\Java\jdk-26\bin\management.dll
0x00007ffc59550000 - 0x00007ffc5955c000 	C:\Program Files\Java\jdk-26\bin\management_ext.dll
0x00007ffc94450000 - 0x00007ffc94458000 	C:\Windows\System32\PSAPI.DLL
0x00007ffc91370000 - 0x00007ffc913a3000 	C:\Windows\SYSTEM32\IPHLPAPI.DLL
0x00007ffc93d00000 - 0x00007ffc93d0a000 	C:\Windows\System32\NSI.dll
0x00007ffc581e0000 - 0x00007ffc581e9000 	C:\Program Files\Java\jdk-26\bin\extnet.dll
0x00007ffc92240000 - 0x00007ffc9225b000 	C:\Windows\SYSTEM32\CRYPTSP.dll
0x00007ffc918e0000 - 0x00007ffc91919000 	C:\Windows\system32\rsaenh.dll
0x00007ffc91fe0000 - 0x00007ffc92012000 	C:\Windows\SYSTEM32\USERENV.dll
0x00007ffc92bc0000 - 0x00007ffc92bea000 	C:\Windows\SYSTEM32\bcrypt.dll
0x00007ffc92260000 - 0x00007ffc9226c000 	C:\Windows\SYSTEM32\CRYPTBASE.dll
0x00007ffc4f260000 - 0x00007ffc4f26e000 	C:\Program Files\Java\jdk-26\bin\sunmscapi.dll
0x00007ffc92ed0000 - 0x00007ffc93048000 	C:\Windows\System32\CRYPT32.dll
0x00007ffc924a0000 - 0x00007ffc924d0000 	C:\Windows\SYSTEM32\ncrypt.dll
0x00007ffc92450000 - 0x00007ffc9248f000 	C:\Windows\SYSTEM32\NTASN1.dll
0x00007ffc6bf20000 - 0x00007ffc6bf28000 	C:\Windows\system32\wshunix.dll

JVMTI agents:
C:\Users\aadha\.gradle\wrapper\dists\gradle-8.14.3-bin\cv11ve7ro1n3o1j4so8xd9n66\gradle-8.14.3\lib\agents\gradle-instrumentation-agent-8.14.3.jar path:C:\Program Files\Java\jdk-26\bin\instrument.dll, loaded, initialized, instrumentlib options:none

dbghelp: loaded successfully - version: 4.0.5 - missing functions: none
symbol engine: initialized successfully - sym options: 0x614 - pdb path: .;C:\Program Files\Java\jdk-26\bin;C:\Windows\SYSTEM32;C:\Windows\WinSxS\amd64_microsoft.windows.common-controls_6595b64144ccf1df_6.0.26100.8875_none_3e0d5d42e32fe9dd;C:\Program Files\Java\jdk-26\bin\server;C:\Users\aadha\.gradle\native\1def1411415f61bf3af743bc5b6707747c0891f09f0c88961ee8f79bc544acac\windows-amd64;C:\Users\aadha\.gradle\native\0.2.7\x86_64-windows-gnu

VM Arguments:
jvm_args: --add-opens=java.base/java.lang=ALL-UNNAMED --add-opens=java.base/java.lang.invoke=ALL-UNNAMED --add-opens=java.base/java.util=ALL-UNNAMED --add-opens=java.prefs/java.util.prefs=ALL-UNNAMED --add-exports=jdk.compiler/com.sun.tools.javac.api=ALL-UNNAMED --add-exports=jdk.compiler/com.sun.tools.javac.util=ALL-UNNAMED --add-opens=java.base/java.util=ALL-UNNAMED --add-opens=java.prefs/java.util.prefs=ALL-UNNAMED --add-opens=java.base/java.nio.charset=ALL-UNNAMED --add-opens=java.base/java.net=ALL-UNNAMED --add-opens=java.base/java.util.concurrent.atomic=ALL-UNNAMED --add-opens=java.xml/javax.xml.namespace=ALL-UNNAMED --enable-native-access=ALL-UNNAMED -XX:MaxMetaspaceSize=1024m -Xmx4096m -Dfile.encoding=UTF-8 -Duser.country=IN -Duser.language=en -Duser.variant -javaagent:C:\Users\aadha\.gradle\wrapper\dists\gradle-8.14.3-bin\cv11ve7ro1n3o1j4so8xd9n66\gradle-8.14.3\lib\agents\gradle-instrumentation-agent-8.14.3.jar 
java_command: org.gradle.launcher.daemon.bootstrap.GradleDaemon 8.14.3
java_class_path (initial): C:\Users\aadha\.gradle\wrapper\dists\gradle-8.14.3-bin\cv11ve7ro1n3o1j4so8xd9n66\gradle-8.14.3\lib\gradle-daemon-main-8.14.3.jar
Launcher Type: SUN_STANDARD

[Global flags]
     bool AOTAdapterCaching                        = false                                  {diagnostic} {ergonomic}
     bool AOTInvokeDynamicLinking                  = false                                  {diagnostic} {ergonomic}
     bool AOTRecordTraining                        = false                                  {diagnostic} {ergonomic}
     bool AOTReplayTraining                        = false                                  {diagnostic} {ergonomic}
     bool AOTStubCaching                           = false                                  {diagnostic} {ergonomic}
     intx CICompilerCount                          = 4                                         {product} {ergonomic}
   size_t CompressedClassSpaceSize                 = 872415232                                 {product} {ergonomic}
     uint ConcGCThreads                            = 3                                         {product} {ergonomic}
     uint G1ConcRefinementThreads                  = 10                                        {product} {ergonomic}
     uint G1EagerReclaimRemSetThreshold            = 16                                   {experimental} {ergonomic}
   size_t G1HeapRegionSize                         = 2097152                                   {product} {ergonomic}
     uint G1RemSetArrayOfCardsEntries              = 16                                   {experimental} {ergonomic}
     uint G1RemSetHowlMaxNumBuckets                = 8                                    {experimental} {ergonomic}
     uint G1RemSetHowlNumBuckets                   = 8                                    {experimental} {ergonomic}
   size_t InitialHeapSize                          = 8388608                                   {product} {ergonomic}
     bool IntelJccErratumMitigation                = false                             {ARCH diagnostic} {ergonomic}
   size_t MarkStackSize                            = 4194304                                   {product} {ergonomic}
   size_t MarkStackSizeMax                         = 536870912                                 {product} {ergonomic}
   size_t MaxHeapSize                              = 4294967296                                {product} {command line}
   size_t MaxMetaspaceSize                         = 1073741824                                {product} {command line}
   size_t MaxNewSize                               = 2575302656                                {product} {ergonomic}
 uint64_t MaxRAM                                   = 16852574208                               {product} {ergonomic}
   size_t MinHeapDeltaBytes                        = 2097152                                   {product} {ergonomic}
   size_t MinHeapSize                              = 8388608                                   {product} {ergonomic}
   size_t NonNMethodCodeHeapSize                   = 5832704                                {pd product} {ergonomic}
   size_t NonProfiledCodeHeapSize                  = 122945536                              {pd product} {ergonomic}
   size_t ProfiledCodeHeapSize                     = 122880000                              {pd product} {ergonomic}
   size_t ReservedCodeCacheSize                    = 251658240                              {pd product} {ergonomic}
     bool SegmentedCodeCache                       = true                                      {product} {ergonomic}
   size_t SoftMaxHeapSize                          = 4294967296                             {manageable} {ergonomic}
     bool UseCompressedOops                        = true                           {product lp64_product} {ergonomic}
     bool UseCondCardMark                          = true                                      {product} {ergonomic}
     bool UseFastUnorderedTimeStamps               = true                                 {experimental} {ergonomic}
     bool UseG1GC                                  = true                                      {product} {ergonomic}
     bool UseLargePagesIndividualAllocation        = false                                  {pd product} {ergonomic}
      int X86ICacheSync                            = 3                                 {ARCH diagnostic} {ergonomic}

Logging:
Log output configuration:
 #0: stdout all=warning uptime,level,tags foldmultilines=false
 #1: stderr all=off uptime,level,tags foldmultilines=false

Release file:
IMPLEMENTOR="Oracle Corporation" 
JAVA_RUNTIME_VERSION="26+35-2893" 
JAVA_VERSION="26" 
JAVA_VERSION_DATE="2026-03-17" 
LIBC="default" 
MODULES="java.base java.compiler java.datatransfer java.xml java.prefs java.desktop java.instrument java.logging java.management java.security.sasl java.naming java.rmi java.management.rmi java.net.http java.scripting java.security.jgss java.transaction.xa java.sql java.sql.rowset java.xml.crypto java.se java.smartcardio jdk.accessibility jdk.internal.jvmstat jdk.attach jdk.charsets jdk.internal.opt jdk.zipfs jdk.compiler jdk.crypto.cryptoki jdk.crypto.ec jdk.crypto.mscapi jdk.dynalink jdk.internal.ed jdk.editpad jdk.internal.vm.ci jdk.graal.compiler jdk.graal.compiler.management jdk.hotspot.agent jdk.httpserver jdk.incubator.vector jdk.internal.le jdk.internal.md jdk.jartool jdk.javadoc jdk.jcmd jdk.management jdk.management.agent jdk.jconsole jdk.jdeps jdk.jdwp.agent jdk.jdi jdk.jfr jdk.jlink jdk.jpackage jdk.jshell jdk.jstatd jdk.localedata jdk.management.jfr jdk.naming.dns jdk.naming.rmi jdk.net jdk.nio.mapmode jdk.sctp jdk.security.auth jdk.security.jgss jdk.unsupported jdk.unsupported.desktop jdk.xml.dom" 
OS_ARCH="x86_64" 
OS_NAME="Windows" 
SOURCE=".:git:1327d96f3b3c open:git:4408cd2a07a1" 

Environment Variables:
PATH=C:\Program Files\Common Files\Oracle\Java\javapath;C:\Windows\system32;C:\Windows;C:\Windows\System32\Wbem;C:\Windows\System32\WindowsPowerShell\v1.0\;C:\Windows\System32\OpenSSH\;C:\Program Files\nodejs\;C:\Program Files\Git\cmd;D:\d\beee matlab\matlab software\runtime\win64;D:\d\beee matlab\matlab software\bin;D:\d\beee matlab\matlab software\polyspace\bin;D:\d\beee matlab\matlab\matlab software\runtime\win64;D:\d\beee matlab\matlab\matlab software\bin;D:\d\beee matlab\matlab\matlab software\polyspace\bin;C:\Program Files\MySQL\MySQL Shell 8.0\bin\;C:\Users\aadha\AppData\Local\Programs\Python\Launcher\;C:\Users\aadha\AppData\Local\Microsoft\WindowsApps;C:\Users\aadha\AppData\Local\Programs\Microsoft VS Code\bin;C:\Users\aadha\AppData\Local\Programs\Antigravity\bin;C:\Users\aadha\AppData\Roaming\npm;C:\Users\aadha\AppData\Local\Programs\Antigravity IDE\bin
USERNAME=aadha
OS=Windows_NT
PROCESSOR_IDENTIFIER=Intel64 Family 6 Model 154 Stepping 3, GenuineIntel
TMP=C:\Users\aadha\AppData\Local\Temp
TEMP=C:\Users\aadha\AppData\Local\Temp




Compilation memory statistics disabled.

Periodic native trim disabled

---------------  S Y S T E M  ---------------

OS:
 Windows 11 , 64 bit Build 26100 (10.0.26100.8875)
OS uptime: 0 days 0:20 hours
Hyper-V role detected

CPU: total 12 (initial active 12) (hybrid) family 6 model 154 stepping 3 microcode 0x430, cx8, cmov, fxsr, ht, mmx, 3dnowpref, sse, sse2, sse3, ssse3, sse4.1, sse4.2, popcnt, lzcnt, tsc, tscinvbit, avx, avx2, aes, erms, clmul, bmi1, bmi2, adx, sha, fma, vzeroupper, clflush, clflushopt, clwb, hv, serialize, rdtscp, rdpid, fsrm, gfni, f16c, cet_ibt, cet_ss, hybrid
Processor Information for processor 0
  Max Mhz: 2000, Current Mhz: 2000, Mhz Limit: 2000
Processor Information for processor 1
  Max Mhz: 2000, Current Mhz: 2000, Mhz Limit: 2000
Processor Information for processor 2
  Max Mhz: 2000, Current Mhz: 2000, Mhz Limit: 2000
Processor Information for processor 3
  Max Mhz: 2000, Current Mhz: 2000, Mhz Limit: 2000
Processor Information for processor 4
  Max Mhz: 2000, Current Mhz: 2000, Mhz Limit: 2000
Processor Information for processor 5
  Max Mhz: 2000, Current Mhz: 2000, Mhz Limit: 2000
Processor Information for processor 6
  Max Mhz: 2000, Current Mhz: 2000, Mhz Limit: 2000
Processor Information for processor 7
  Max Mhz: 2000, Current Mhz: 2000, Mhz Limit: 2000
Processor Information for processor 8
  Max Mhz: 2000, Current Mhz: 1500, Mhz Limit: 1500
Processor Information for processor 9
  Max Mhz: 2000, Current Mhz: 1500, Mhz Limit: 1500
Processor Information for processor 10
  Max Mhz: 2000, Current Mhz: 1500, Mhz Limit: 1500
Processor Information for processor 11
  Max Mhz: 2000, Current Mhz: 1500, Mhz Limit: 1500

Memory: 4k page, system-wide physical 16071M (1271M free)
TotalPageFile size 21045M (AvailPageFile size 15M)
current process WorkingSet (physical memory assigned to process): 224M, peak: 225M
current process commit charge ("private bytes"): 273M, peak: 302M

vm_info: Java HotSpot(TM) 64-Bit Server VM (26+35-2893) for windows-amd64 JRE (26+35-2893), built on 2026-02-12T17:04:02Z with MS VC++ 17.13 (VS2022)

END.
